// Jest Snapshot v1, https://goo.gl/fbAQLP

exports[`App renders as expected whith useCommitApi returning state { items: [], errorStatus: 403 }, api state error 1`] = `
<DocumentFragment>
  <div
    class="commit-history-container"
  >
    <div
      class="error-container"
    >
      <p
        class="error-message"
      >
        Error with status 403, please try again
      </p>
    </div>
  </div>
</DocumentFragment>
`;

exports[`App renders as expected whith useCommitApi returning state { items: [], errorStatus: 404 }, api state error 1`] = `
<DocumentFragment>
  <div
    class="commit-history-container"
  >
    <div
      class="error-container"
    >
      <p
        class="error-message"
      >
        Error with status 404, please try again
      </p>
    </div>
  </div>
</DocumentFragment>
`;

exports[`App renders as expected whith useCommitApi returning state { items: [], errorStatus: null }, api state idle 1`] = `
<DocumentFragment>
  <div
    class="commit-history-container"
  />
</DocumentFragment>
`;

exports[`App renders as expected whith useCommitApi returning state { items: [], errorStatus: null }, api state loading 1`] = `
<DocumentFragment>
  <div
    class="commit-history-container"
  >
    <p
      class="loading-container"
    >
      Loading
    </p>
  </div>
</DocumentFragment>
`;

exports[`App renders as expected whith useCommitApi returning state { items: [], errorStatus: null }, api state polling 1`] = `
<DocumentFragment>
  <div
    class="commit-history-container"
  />
</DocumentFragment>
`;

exports[`App renders as expected whith useCommitApi returning state { items: [Array], errorStatus: null }, api state polling 1`] = `
<DocumentFragment>
  <div
    class="commit-history-container"
  >
    <ul
      class="commit-list-container"
    >
      <li
        class="commit-item"
      >
        <h4>
          commit message
        </h4>
        <div
          class="additional-info-container"
        >
          <img
            alt="avatar for some name"
            class="additional-info-image"
            src="www.avatar.com"
          />
          <div
            class="additional-info-content"
          >
            <span
              class="author-message"
            >
              some name
            </span>
            <span>
              4 months ago
            </span>
          </div>
        </div>
      </li>
    </ul>
  </div>
</DocumentFragment>
`;
