// Jest Snapshot v1, https://goo.gl/fbAQLP

exports[`CommitTypeBadge renders as expected 1`] = `
<DocumentFragment>
  <span
    class="commit-type-badge ci"
  >
    ci
  </span>
</DocumentFragment>
`;
